// Jest Snapshot v1, https://goo.gl/fbAQLP

exports[`HomePage renders home page 1`] = `
<div>
  <div>
    <div
      class="loader"
    />
  </div>
</div>
`;
