// Jest Snapshot v1, https://goo.gl/fbAQLP

exports[`renders Header correctly 1`] = `
<div>
  <div
    class="header"
  >
    <div
      class="logo"
    >
      <span
        class="cursor--pointer"
        data-testid="logo-link"
      >
        CCDC
      </span>
    </div>
  </div>
</div>
`;
