// Jest Snapshot v1, https://goo.gl/fbAQLP

exports[`it renders Main correctly 1`] = `
<div>
  <main
    class="content"
  />
</div>
`;
